// Jest Snapshot v1, https://goo.gl/fbAQLP

exports[`Page Component renders correctly 1`] = `
<div>
  <div
    class="produtos-container flex justify-center"
  >
    <div
      class="produtos grid place-content-center lg:grid-cols-4 md:grid-cols-2"
    >
      <div
        class="card m-2 rounded-xl shadow-lg flex flex-col justify-between"
      >
        <img
          class="cardImage"
          src="https://mks-sistemas.nyc3.digitaloceanspaces.com/products/iphone11x128.webp"
        />
        <div
          class="cardText px-2 "
        >
          <div
            class="itemPrice flex justify-between"
          >
            <p
              class="itemName pr-1"
            >
              Iphone 11 128 GB
            </p>
            <p
              class="price p-1 rounded"
            >
              R$
              5000
            </p>
          </div>
          <p
            class="description my-2"
          >
            Grave vídeos 4K, faça belos retratos e capture paisagens inteiras com o novo sistema de câmera dupla.
          </p>
        </div>
        <button
          class="comprarButton py-1 rounded flex justify-center self-end"
        >
          <img
            alt=""
            class="pr-1 mt-1"
            src="/img/comprar.png"
          />
          Comprar
        </button>
      </div>
    </div>
  </div>
</div>
`;
